(---------------------------------------------------------------------)
(                                                                     )
(    Allegro Netrev Import Logic                                      )
(                                                                     )
(    Drawing          : dsp6713systemmini.brd                         )
(    Software Version : 22.1S005                                      )
(    Date/Time        : Fri Oct 24 15:54:16 2025                      )
(                                                                     )
(---------------------------------------------------------------------)


------ Directives ------------

Ripup etch:                  No
Ripup delete first segment:  No
Ripup retain bondwire:       No
Ripup symbols:               Always
Missing symbol has error:    No
DRC update:                  Yes
Schematic directory:         'D:\CADENCE\PROJCET\DSP6713MINISYSTEMBOARD\HARDWAVE\allegro'
Design Directory:            'D:/CADENCE/PROJCET/DSP6713MINISYSTEMBOARD/HARDWAVE/allegro'
Old design name:             'D:/CADENCE/PROJCET/DSP6713MINISYSTEMBOARD/HARDWAVE/allegro/dsp6713systemmini.brd'
New design name:             'D:/CADENCE/PROJCET/DSP6713MINISYSTEMBOARD/HARDWAVE/allegro/dsp6713systemmini.brd'

CmdLine: netrev -y 1 -i D:\CADENCE\PROJCET\DSP6713MINISYSTEMBOARD\HARDWAVE\allegro -q netrev_constraint_report.xml D:/CADENCE/PROJCET/DSP6713MINISYSTEMBOARD/HARDWAVE/allegro/#Taaaabb22144.tmp

------ Preparing to read pst files ------

Starting to read D:/CADENCE/PROJCET/DSP6713MINISYSTEMBOARD/HARDWAVE/allegro/pstchip.dat 
   Finished reading D:/CADENCE/PROJCET/DSP6713MINISYSTEMBOARD/HARDWAVE/allegro/pstchip.dat (00:00:00.01)
Starting to read D:/CADENCE/PROJCET/DSP6713MINISYSTEMBOARD/HARDWAVE/allegro/pstxprt.dat 
   Finished reading D:/CADENCE/PROJCET/DSP6713MINISYSTEMBOARD/HARDWAVE/allegro/pstxprt.dat (00:00:00.00)
Starting to read D:/CADENCE/PROJCET/DSP6713MINISYSTEMBOARD/HARDWAVE/allegro/pstxnet.dat 
   Finished reading D:/CADENCE/PROJCET/DSP6713MINISYSTEMBOARD/HARDWAVE/allegro/pstxnet.dat (00:00:00.00)

------ Oversights/Warnings/Errors ------


------ Library Paths ------
MODULEPATH =  . 
           e:/program files/cadencespb/spb 22.1/share/local/pcb/modules 

PSMPATH =  . 
           D:/Cadence/lib/ssm 
           D:/Cadence/lib/symbol/IPC7351 
           D:/Cadence/lib/symbol/Spe 
           D:/Cadence/lib/fsm 
           Files/CadenceSPB/SPB_Data/cdssetup/OrCAD_Capture/22.1.0/downloaded_parts/allegropcb 

PADPATH =  . 
           D:/Cadence/lib/pads 
           Files/CadenceSPB/SPB_Data/cdssetup/OrCAD_Capture/22.1.0/downloaded_parts/allegropcb 


------ Summary Statistics ------


netrev run on Oct 24 15:54:16 2025
   DESIGN NAME : 'DSP6713_SYSTEM'
   PACKAGING ON Jun  9 2023 21:25:16

   COMPILE 'logic'
   CHECK_PIN_NAMES OFF
   CROSS_REFERENCE OFF
   FEEDBACK OFF
   INCREMENTAL OFF
   INTERFACE_TYPE PHYSICAL
   MAX_ERRORS 500
   MERGE_MINIMUM 5
   NET_NAME_CHARS '#%&()*+-./:=>?@[]^_`|'
   NET_NAME_LENGTH 24
   OVERSIGHTS ON
   REPLACE_CHECK OFF
   SINGLE_NODE_NETS ON
   SPLIT_MINIMUM 0
   SUPPRESS   20
   WARNINGS ON

 No error detected
 No oversight detected
 No warning detected

cpu time      0:00:41
elapsed time  0:00:00

